================================================================
Program: CD-HIT, V4.8.1, Apr 07 2021, 02:35:32
Command: cd-hit-est -i rna_sequences.fasta -o
         clusters_seq_0.9.fasta -c 0.9 -n 10 -M 2000 -T 4

Started: Fri Nov  7 14:19:54 2025
================================================================
                            Output                              
----------------------------------------------------------------
Option -T is ignored: multi-threading with OpenMP is NOT enabled!
total seq: 1133
longest and shortest : 271 and 20
Total letters: 91497
Sequences have been sorted

Approximated minimal memory consumption:
Sequence        : 0M
Buffer          : 1 X 12M = 12M
Table           : 1 X 16M = 16M
Miscellaneous   : 4M
Total           : 33M

Table limit with the given memory limit:
Max number of representatives: 4000000
Max number of word counting entries: 245831106

comparing sequences from          0  to       1133
.
     1133  finished        619  clusters

Approximated maximum memory consumption: 33M
writing new database
writing clustering information
program completed !

Total CPU time 0.06
